
> dv-quick-run@0.9.4 pretest
> npm run compile && npm run lint


> dv-quick-run@0.9.4 compile
> tsc -p ./


> dv-quick-run@0.9.4 lint
> eslint src


> dv-quick-run@0.9.4 test
> vscode-test


[main 2026-04-26T10:49:16.059Z] CrossAppIPCService: connecting to peer
[main 2026-04-26T10:49:16.235Z] CrossAppIPCService: disconnected (instance-already-active)
[main 2026-04-26T10:49:16.274Z] update#setState disabled
[main 2026-04-26T10:49:16.275Z] update#ctor - updates are disabled by the environment
Started local extension host with pid 35988.
Loading development extension at c:\Users\USER\source\repos\dv-quick-run\dv-quick-run
Settings Sync: Account status changed from uninitialized to unavailable
Invalidating Cache [
  {
    type: 1,
    identifier: {
      id: 'github.copilot-chat',
      uuid: '7ec7d6e6-b89e-4cc5-a59b-d6c4d238246f'
    },
    manifest: {
      name: 'copilot-chat',
      displayName: 'GitHub Copilot Chat',
      description: 'AI chat features powered by Copilot',
      version: '0.45.1',
      build: '1',
      internalAIKey: '1058ec22-3c95-4951-8443-f26c1f325911',
      completionsCoreVersion: '1.378.1799',
      internalLargeStorageAriaKey: 'ec712b3202c5462fb6877acae7f1f9d7-c19ad55e-3e3c-4f99-984b-827f6d95bd9e-6917',
      ariaKey: '0c6ae279ed8443289764825290e4f9e2-1a736e7c-1324-4338-be46-fc2a58ae4d14-7255',
      buildType: 'prod',
      publisher: 'GitHub',
      homepage: 'https://github.com/features/copilot?editor=vscode',
      license: 'SEE LICENSE IN LICENSE.txt',
      repository: [Object],
      bugs: [Object],
      qna: 'https://github.com/github-community/community/discussions/categories/copilot',
      icon: 'assets/copilot.png',
      pricing: 'Trial',
      engines: [Object],
      categories: [Array],
      keywords: [Array],
      badges: [Array],
      activationEvents: [Array],
      main: './dist/extension',
      l10n: './l10n',
      enabledApiProposals: [Array],
      contributes: [Object],
      prettier: [Object],
      scripts: [Object],
      devDependencies: [Object],
      dependencies: [Object],
      overrides: [Object],
      vscodeCommit: '94c8e2adc50e26ef70af85a0de3a9efed757acaa',
      isPreRelease: false,
      originalEnabledApiProposals: [Array]
    },
    location: {
      '$mid': 1,
      path: '/c:/Users/USER/source/repos/dv-quick-run/dv-quick-run/.vscode-test/extensions/github.copilot-chat-0.45.1',
      scheme: 'file'
    },
    isBuiltin: true,
    targetPlatform: 'undefined',
    publisherDisplayName: 'GitHub',
    metadata: {
      isApplicationScoped: true,
      isMachineScoped: false,
      isBuiltin: true,
      installedTimestamp: 1776986651483,
      pinned: false,
      source: 'gallery',
      id: '7ec7d6e6-b89e-4cc5-a59b-d6c4d238246f',
      publisherId: '7c1c19cd-78eb-4dfb-8999-99caf7679002',
      publisherDisplayName: 'GitHub',
      targetPlatform: 'undefined',
      updated: true,
      private: false,
      isPreReleaseVersion: false,
      hasPreReleaseVersion: false,
      preRelease: false,
      size: 78478175
    },
    isValid: true,
    validations: [],
    preRelease: false,
    forceAutoUpdate: true
  }
] [
  {
    type: 1,
    identifier: {
      id: 'github.copilot-chat',
      uuid: '7ec7d6e6-b89e-4cc5-a59b-d6c4d238246f'
    },
    manifest: {
      name: 'copilot-chat',
      displayName: 'GitHub Copilot Chat',
      description: 'AI chat features powered by Copilot',
      version: '0.45.1',
      build: '1',
      internalAIKey: '1058ec22-3c95-4951-8443-f26c1f325911',
      completionsCoreVersion: '1.378.1799',
      internalLargeStorageAriaKey: 'ec712b3202c5462fb6877acae7f1f9d7-c19ad55e-3e3c-4f99-984b-827f6d95bd9e-6917',
      ariaKey: '0c6ae279ed8443289764825290e4f9e2-1a736e7c-1324-4338-be46-fc2a58ae4d14-7255',
      buildType: 'prod',
      publisher: 'GitHub',
      homepage: 'https://github.com/features/copilot?editor=vscode',
      license: 'SEE LICENSE IN LICENSE.txt',
      repository: [Object],
      bugs: [Object],
      qna: 'https://github.com/github-community/community/discussions/categories/copilot',
      icon: 'assets/copilot.png',
      pricing: 'Trial',
      engines: [Object],
      categories: [Array],
      keywords: [Array],
      badges: [Array],
      activationEvents: [Array],
      main: './dist/extension',
      l10n: './l10n',
      enabledApiProposals: [Array],
      contributes: [Object],
      prettier: [Object],
      scripts: [Object],
      devDependencies: [Object],
      dependencies: [Object],
      overrides: [Object],
      vscodeCommit: '94c8e2adc50e26ef70af85a0de3a9efed757acaa',
      isPreRelease: false,
      originalEnabledApiProposals: [Array]
    },
    location: {
      '$mid': 1,
      path: '/C:/Users/USER/source/repos/dv-quick-run/dv-quick-run/.vscode-test/extensions/github.copilot-chat-0.45.1',
      scheme: 'file'
    },
    isBuiltin: true,
    targetPlatform: 'undefined',
    publisherDisplayName: 'GitHub',
    metadata: {
      isApplicationScoped: true,
      isMachineScoped: false,
      isBuiltin: true,
      installedTimestamp: 1776986651483,
      pinned: false,
      source: 'gallery',
      id: '7ec7d6e6-b89e-4cc5-a59b-d6c4d238246f',
      publisherId: '7c1c19cd-78eb-4dfb-8999-99caf7679002',
      publisherDisplayName: 'GitHub',
      targetPlatform: 'undefined',
      updated: true,
      private: false,
      isPreReleaseVersion: false,
      hasPreReleaseVersion: false,
      preRelease: false,
      size: 78478175
    },
    isValid: true,
    validations: [],
    preRelease: false,
    forceAutoUpdate: true
  }
]
Extension host (LocalProcess pid: 35988) is unresponsive.
UNRESPONSIVE extension host: starting to profile NOW

  valueAwareness
Extension host (LocalProcess pid: 35988) is responsive.
UNRESPONSIVE extension host: received responsive event and cancelling profiling session
    Γ£ö finds metadata for field
    Γ£ö resolves numeric choice value
    Γ£ö resolves string numeric choice value
    Γ£ö matches choice label
    Γ£ö returns undefined for unknown label
  queryDetection
    Γ£ö detects simple select query
    Γ£ö detects filter query
    Γ£ö detects orderby query
    Γ£ö detects single entity path
    Γ£ö rejects comment line
    Γ£ö rejects empty line
    Γ£ö detects fetchxml root query
    Γ£ö detects fetchxml query kind
    Γ£ö detects odata query kind
    Γ£ö rejects partial xml fragment for now
    Γ£ö rejects random xml that is not fetchxml
  filterValueValidation
    Γ£ö accepts valid guid for lookup field
    Γ£ö rejects invalid guid for lookup field
    Γ£ö rejects empty value
    Γ£ö accepts normal string
  filterExpressionRules
    Γ£ö categorizes datetime field
    Γ£ö categorizes picklist as number
    Γ£ö string field includes contains operator
    Γ£ö datetime value is not quoted
    Γ£ö string value is quoted and escaped
    Γ£ö numeric value is not quoted
  traversalStepExecutor sibling expand
    Γ£ö injects sibling expand at the landed node for direct routes
    Γ£ö injects sibling expand at the final landed node for nested routes
    Γ£ö applies continuation filter for nested routes when replaying from a selected landed row
    Γ£ö applies continuation filter for nested expand routes when replaying from a selected landed row
  traversalStepExecutor logging
    Γ£ö logs current leg landing instead of traversal completion for non-final steps
  traversalStagePlanner
    Γ£ö collapses a two-hop path into one execution stage
    Γ£ö buildPlannedTraversal preserves original path and adds stages
  traversalSelection
    Γ£ö prefers business-relevant intermediate tables over system tables
    Γ£ö still prefers shorter paths when business relevance is otherwise similar
    Γ£ö penalizes loop-back routes below equivalent clean routes
    Γ£ö marks only the strongest route as best match when no runner-up is close enough
    Γ£ö does not over-tag alternatives when the top route is clearly ahead
  traversalRoutePickerService
    Γ£ö opens graph view from quick pick and closes the picker flow
  traversalRouteExplorer
    Γ£ö explores bounded forward subpaths
    Γ£ö builds a stitched route through a shared anchor
    Γ£ö finds a branch route from patient to patientextensions
  traversalProgressStore
    Γ£ö setActiveTraversalProgress stores the active traversal
    Γ£ö isActiveTraversalSession returns true only for the active session id
    Γ£ö clearActiveTraversalProgress removes active traversal state
  traversalPlanGenerator
    Γ£ö prefers business breakpoints over generic ones
    Γ£ö builds compact, mixed, and detailed plans
    Γ£ö marks mixed as recommended for a 4-hop route
  traversalPathEngine
    Γ£ö builds a direct one-hop candidate path
    Γ£ö builds a valid two-hop candidate path
    Γ£ö prefers fewer hops first
    Γ£ö returns no candidates when no valid path exists
    Γ£ö does not create duplicate paths from cyclic metadata
    Γ£ö generates visible query templates per leg
    Γ£ö uses source primary id for one-to-many continuation
  traversalInsightActions
    Γ£ö appends current-leg-only actions for manual testing
  traversalHistoryStore
    Γ£ö buildTraversalEnvironmentKey prefers active environment url
    Γ£ö buildTraversalPathSignature normalizes route edge path
    Γ£ö recordSuccessfulTraversalRoute stores success for the current environment
    Γ£ö recordSuccessfulTraversalRoute increments success count for repeat success
    Γ£ö getSuccessfulTraversalRouteMap filters by environment and source/target
    Γ£ö sortRoutesByHistoricalSuccess prefers higher success count then recency
    Γ£ö buildSuccessfulRouteBadgeText formats single and repeated success
  traversalExplainability
    Γ£ö builds verbose route explanation without sql hints
    Γ£ö builds minimal leg explanation
    Γ£ö turns banner off when verbosity is off
    Γ£ö builds explicit no-result guidance
  traversalCacheService
[Traversal] Cache cleared
[Traversal] Metadata cache HIT (env-a)
    Γ£ö stores and returns metadata per environment
[Traversal] Cache cleared
[Traversal] Route cache HIT (env-a::account::contact::5)
    Γ£ö stores and returns routes by composite route key
[Traversal] Cache cleared
[Traversal] Route cache HIT (env-a::account::contact::5)
[Traversal] Route cache HIT (env-b::account::contact::5)
    Γ£ö isolates route cache by environment
[Traversal] Cache cleared
[Traversal] Cache cleared for environment env-a
[Traversal] Metadata cache MISS (env-a)
[Traversal] Metadata cache HIT (env-b)
[Traversal] Route cache MISS (env-a::account::contact::5)
[Traversal] Route cache HIT (env-b::account::contact::5)
    Γ£ö clearEnvironment removes metadata and routes only for that environment
[Traversal] Cache cleared
[Traversal] Cache cleared
[Traversal] Metadata cache MISS (env-a)
[Traversal] Route cache MISS (env-a::account::contact::5)
    Γ£ö clearAll removes all metadata and route entries
  findPathToTableAction
[Traversal] Route cache MISS (https://example.crm.dynamics.com::{"allowedTables":["account","appointment","contact","email","incident","lead","opportunity","phonecall","systemuser","task","team"],"excludedTables":["activitypointer","connection","duplicaterecord","postfollow","postregarding","postrole","principalobjectattributeaccess","processsession","sharepointdocumentlocation","slakpinstance","syncerror"]}::account::contact::5)
[Traversal] Metadata cache MISS (https://example.crm.dynamics.com)
    Γ£ö shows info when no route is found
[Traversal] Route cache MISS (https://example.crm.dynamics.com::{"allowedTables":["account","appointment","contact","email","incident","lead","opportunity","phonecall","systemuser","task","team"],"excludedTables":["activitypointer","connection","duplicaterecord","postfollow","postregarding","postrole","principalobjectattributeaccess","processsession","sharepointdocumentlocation","slakpinstance","syncerror"]}::account::patient::5)
[Traversal] Metadata cache HIT (https://example.crm.dynamics.com)
    Γ£ö applies traversal scope logging once per workflow run
[Traversal] Cache cleared
[Traversal] Route cache MISS (https://example.crm.dynamics.com::{"allowedTables":["account","appointment","contact","email","incident","lead","opportunity","phonecall","systemuser","task","team"],"excludedTables":["activitypointer","connection","duplicaterecord","postfollow","postregarding","postrole","principalobjectattributeaccess","processsession","sharepointdocumentlocation","slakpinstance","syncerror"]}::account::patient::5)
[Traversal] Metadata cache HIT (https://example.crm.dynamics.com)
[Traversal] Cache cleared
    Γ£ö executes first step for the selected route and itinerary
  expandPolicy
    Γ£ö rejects collection-valued sibling expand candidates
    Γ£ö requires at least one selected field
    Γ£ö blocks sibling plans above the configured maximum
    Γ£ö blocks nested depth for sibling plans
  expandPlanBuilder
    Γ£ö merges duplicate navigation property selections and sorts fields
    Γ£ö throws when an unknown candidate is selected
    Γ£ö preserves multiple navigation properties when building an additive sibling expand plan
  expandComposer
    Γ£ö appends a new expand when existing clause is empty
    Γ£ö merges selects for an existing relationship
    Γ£ö preserves multiple expands with deterministic ordering
    Γ£ö supports nested expand composition internally
    Γ£ö parses and serializes additional options without dropping them
    Γ£ö serializes equivalent Add Expand and Sibling Expand node shapes identically
  expandClauseBuilder
    Γ£ö builds a comma-separated sibling expand clause
  expandCandidateResolver
    Γ£ö returns only direct many-to-one enrichment candidates and deduplicates them
  continueTraversalAction
    Γ£ö logs when no active traversal is available
    Γ£ö blocks stale traversal session requests
    Γ£ö keeps completed traversal progress so sibling expand remains available on the landed result
  applySiblingExpandAction
    Γ£ö merges repeated selections for the same navigation property
    Γ£ö accumulates different navigation properties for the same leg
  smartPatchWorkflows
    Γ£ö main workflow executes reviewed patch state
    Γ£ö rerun last shows info when no saved state exists
    Γ£ö rerun last executes saved state
    Γ£ö edit last exits cleanly when review is cancelled
  smartPatchReview
    Γ£ö open in Run GET adds history entry and executes runGet
    Γ£ö edit values updates current state and can then run
  smartPatchExecution
    Γ£ö saves state, executes patch, and emits safe logging summaries
  resultViewModelBuilder
    Γ£ö builds unioned columns across sparse rows
    Γ£ö prioritises primary id field as first column
    Γ£ö flattens a single expanded object into aliased dot-path columns
    Γ£ö flattens supported single-item object arrays
    Γ£ö keeps multi-item object arrays summarised instead of flattening
    Γ£ö supports depth-2 flattening without over-flattening deeper levels
    Γ£ö filters out @odata child fields during flattening
    Γ£ö filters out lookup _x_value child fields during flattening
    Γ£ö generates deterministic shortened aliases and legend mapping
    Γ£ö resolves choice labels while keeping raw and copy values
    Γ£ö keeps raw payload for non-flattened object cells
    Γ£ö primitive arrays show summary text and keep raw payload
    Γ£ö returns raw mode for primitive top-level results
    Γ£ö preserves traversal toolbar state including sibling expand availability
  resultViewerInvariants
    Γ£ö flattened alias columns keep original source field path in action payloads
    Γ£ö depth guardrail stops flattening beyond the configured maximum depth
    Γ£ö single-item arrays flatten but multi-item arrays stay drawer-routed
    1) primary id actions remain isolated and business guid investigate does not replace row-level primary actions
    Γ£ö hidden lookup backing fields surface expand relationship from primary id overflow
    2) model-driven action groups stay aligned with the full action list
    Γ£ö model-driven export and drawer semantics cover scalar, object, array, and empty cells
    Γ£ö builder exposes model-driven cell semantics without changing flattening behaviour
  resultViewerDrawerRouting
    Γ£ö object array cells preserve exact raw payload for drawer use
    Γ£ö primitive array cells preserve exact raw payload for drawer/export use
    Γ£ö supported single-item expanded arrays map values to the correct flattened cells
    Γ£ö sparse rows do not leak payload ownership across rows
    Γ£ö complex cell raw payload remains serializable for export fidelity
  resultViewerActionEligibility
    3) primary id cell exposes record-level and helper actions
    4) lookup backing guid field does not expose record-level actions
    5) business guid field exposes investigate action
    6) scalar string value exposes helper actions only
    Γ£ö model propagates source target into action payloads
    Γ£ö empty value returns no actions
    Γ£ö system columns return no actions
    Γ£ö guid detection is case-insensitive
    Γ£ö model builder does not attach actions to arrays
    Γ£ö model builder does not attach actions to multi-item object arrays
    7) boolean root field exposes type-aware slice actions
    8) date root field exposes before and after slice actions
    9) aliased flattened columns still resolve helper actions from source column identity
    Γ£ö primary id cell in built model exposes record actions
    Γ£ö traversal row exposes continue action only when required carry field matches
    Γ£ö traversal row hides continue action when current column is not the required carry field
    Γ£ö traversal row hides continue action for final leg
    Γ£ö traversal row hides all standard record actions and shows continuation only
  previewResultViewerSlice
    Γ£ö builds OData null slice clause
    Γ£ö builds OData before-current slice preview
    Γ£ö replaces same-column null-state OData slice filters
    Γ£ö dedupes repeated same-column null OData slice filters
    Γ£ö cleans nested duplicate same-column OData slice filters
    Γ£ö keeps date range slice filters on the same column
    Γ£ö builds FetchXML not-null slice condition
    Γ£ö builds FetchXML after-current slice preview
    Γ£ö returns boolean slice definitions
    Γ£ö returns date slice definitions
  previewODataFilter
    Γ£ö builds OData null filter
    Γ£ö builds OData filter with quoted string
    Γ£ö builds preview with appended filter
    Γ£ö builds preview with merged filter
    Γ£ö does not duplicate an existing identical null filter
    Γ£ö deduplicates repeated identical null filter clauses
    Γ£ö extracts only the OData query line from noisy editor text
    Γ£ö replaces existing same-column OData filter
    Γ£ö replaces null same-column OData filter
  previewFetchXmlCondition
    Γ£ö builds FetchXML null condition
    Γ£ö builds FetchXML condition with escaped attributes
    Γ£ö appends condition into existing filter
    Γ£ö creates a new filter when none exists
  previewAddSelectFromColumn
    Γ£ö adds a root column into root $select
    Γ£ö adds a flattened expanded column into nested $select
    Γ£ö reports already selected columns without changing query text
  queryPreview
    Γ£ö builds preview document from shared mutation result contract
    Γ£ö builds copy-oriented preview guidance when requested
  filterValueReplacement
    Γ£ö builds deterministic intent for a single eq filter
    Γ£ö supports deterministic replacement inside a multi-clause filter when the target comparison is unique
    Γ£ö builds preview query semantically using the shared query mutation pipeline
    Γ£ö replaces only the matching deterministic comparison inside a multi-clause filter
    Γ£ö builds preview links for boolean and numeric values
  filterBuilderPreview
    Γ£ö appendAnd wraps existing compound filter once
    Γ£ö appendAnd does not double-wrap existing parenthesized filter
  addSelectPreview
    Γ£ö adds select when missing
    Γ£ö merges into existing root select
    Γ£ö adds select fields to expand scope
    Γ£ö adds select fields to nested expand scope
  actionRunner
    Γ£ö logs normalized error message and surfaces failure message
    Γ£ö handles non-Error thrown values
  smartGetWorkflows
    Γ£ö main workflow executes reviewed state
    Γ£ö main workflow exits when build is cancelled
    Γ£ö rerun last returns false when no saved state exists
    Γ£ö rerun last executes saved state with resolved fields
    Γ£ö edit last returns true and skips execute when review is cancelled
  smartGetReview
    Γ£ö buildOrEditState builds state with selected fields and top
    Γ£ö buildOrEditState returns undefined and shows error on invalid filter value
    Γ£ö buildOrEditState reuses initial filter value only for matching field
  smartGetGuidActions
    Γ£ö guid raw executes against selected entity
    Γ£ö guid pick fields warns when no selectable fields were chosen
    Γ£ö guid pick fields executes with select tokens
  queryOptionMutator
    Γ£ö appendCsv deduplicates case-insensitively while preserving first casing
    Γ£ö removeQueryOption deletes an existing option cleanly
    Γ£ö upsertCsvQueryOption ignores empty incoming values
    Γ£ö appendOrderByExpression ignores blank expressions
  queryMutationPipeline
    Γ£ö parses and rebuilds query with leading slash
    Γ£ö normalizes parenthesized select clause
    Γ£ö upserts csv option without duplicates
    Γ£ö replaces csv option when replace mode used
    Γ£ö appends orderby expression when existing order present
    Γ£ö replaces orderby expression when replaceExisting is true
    Γ£ö setQueryOption preserves single instance of option
  filterValueValidation
    Γ£ö accepts valid guid for lookup field
    Γ£ö rejects invalid guid for lookup field
    Γ£ö rejects empty value
    Γ£ö accepts normal string
  filterExpressionRules
    Γ£ö categorizes datetime field
    Γ£ö categorizes picklist as number
    Γ£ö string field includes contains operator
    Γ£ö datetime value is not quoted
    Γ£ö string value is quoted and escaped
    Γ£ö numeric value is not quoted
  editorQueryTarget - source target
    Γ£ö rebuilds the original query target from stored document uri and range (111ms)
    Γ£ö falls back to query-text lookup if stored range no longer matches (95ms)
  editorQueryTarget - fetchxml
    Γ£ö extracts full fetchxml block when cursor is on fetch start line (54ms)
    Γ£ö cursor inside fetchxml body does not auto-expand block (54ms)
    Γ£ö selection still wins over automatic fetchxml block extraction (54ms)
    Γ£ö fetchxml extraction stops at closing fetch tag (45ms)
  environmentRuntimeState
    Γ£ö clears all runtime caches and logs when output is present
    Γ£ö does not log when no output channel is supplied
    Γ£ö clears active traversal progress on environment change
  environmentContext
    Γ£ö initialize restores saved active environment when present
    Γ£ö initialize falls back to first configured environment when saved one is missing
    Γ£ö setActiveEnvironment updates workspace state and runtime values
    Γ£ö getBaseUrl throws when no active environment is selected
  environmentCacheIsolation
    Γ£ö normalizes environment names into stable prefixes
    Γ£ö entity definition cache is isolated by environment name
    Γ£ö field metadata cache is isolated by environment and entity
    Γ£ö choice metadata cache is isolated by environment
    Γ£ö relationship metadata cache is isolated by environment
  configMigration
    Γ£ö adds product plan and traversal settings when none are configured
    Γ£ö does not overwrite explicit global settings
    Γ£ö does not overwrite explicit workspace settings
    Γ£ö does not overwrite existing product plan
    Γ£ö skips unsupported defaults
    Γ£ö adds investigate numeric defaults when none are configured
  capabilityResolver
    Γ£ö resolves free capability profile
    Γ£ö resolves pro capability profile
    Γ£ö resolves query doctor helpers
    Γ£ö getCurrentProductPlan uses normalized configuration plan
    Γ£ö normalizes unknown plan values to dev
  binderSuggestion
    Γ£ö prefers continue traversal when next leg is available
    Γ£ö suggests traversal batch on final leg when batch is available
    Γ£ö falls back to non-traversal binder suggestions for non-best-match routes
    Γ£ö suggests add top for broad queries without top
    Γ£ö does not suggest add top when top already exists
    Γ£ö suggests optimized batch for traversal-backed batch results
  metadataPathResolver
    Γ£ö classifies local fields as Local
    Γ£ö classifies one-hop related fields as Direct
    Γ£ö classifies two-hop related fields as TwoHop
    Γ£ö classifies deeper reachable fields as TooDeep
    Γ£ö classifies same-depth competing matches as Ambiguous
    Γ£ö returns NotFound when no field match exists
    Γ£ö does not loop forever on cyclic graphs
  valueAwareness
    Γ£ö finds metadata for field
    Γ£ö resolves numeric choice value
    Γ£ö resolves string numeric choice value
    Γ£ö matches choice label
    Γ£ö returns undefined for unknown label
  metadataSessionCache
    Γ£ö deduplicates entity defs in-flight requests
    Γ£ö stores memory values and clears diagnostics
    Γ£ö deduplicates field in-flight requests by normalized logical name
  metadataFieldAccess
    Γ£ö buildFieldMap normalizes logical names
    Γ£ö findFieldByLogicalName matches case-insensitively
    Γ£ö findFieldBySelectToken resolves lookup backing token
  metadataAccess exports
    Γ£ö exports the expected public helper surface
  metadataAccessCommon
    Γ£ö appendOutput suppressOutput prevents logging
    Γ£ö runMetadataLoad uses vscode progress when not silent
  resolvedInvestigationContextBuilder
    Γ£ö builds canonical context from active record context
    Γ£ö keeps fallback flag when retry path was used
  recordQueryAndUiLink
    Γ£ö buildRecordQueries includes primary id and primary name in minimal query
    Γ£ö buildDataverseRecordUiLink strips api path and encodes record id
    Γ£ö buildDataverseRecordUiLink preserves non-api base urls
  investigationSignalsAndSuggestedQueries
    Γ£ö buildInvestigationSignals suppresses strong primary candidate confidence signal
    Γ£ö buildInvestigationSignals emits heuristic signal for low-confidence related candidate
    Γ£ö buildSuggestedQueries dedupes and expands polymorphic lookup target paths
  investigationInputResolver
    Γ£ö resolves record path input
    Γ£ö resolves plain guid input
    Γ£ö resolves json input using primary candidate over lookup guid
    Γ£ö extracts json object from surrounding prose
    Γ£ö extracts entity set from projected collection odata context
    Γ£ö uses nearest preceding odata context from full document for selected fragment
    Γ£ö resolves uppercase guid input
    Γ£ö extracts record id from noisy prose when no full json object is present
    Γ£ö prefers primary id candidate from json over lookup guid when multiple guid fields exist
    Γ£ö returns undefined for malformed text with no valid guid
    Γ£ö resolves brace-wrapped guid input
    Γ£ö extracts json row from surrounding prose for selection sourceJson
  investigationDocumentBuilder
    Γ£ö groups summary into ranked truthfulness buckets
    Γ£ö marks polymorphic lookups explicitly in points-to section
    Γ£ö uses careful wording for signals and suggested queries
    Γ£ö adds an interpretation section with record meaning hints
  investigationCandidateScorer
    Γ£ö primary id beats lookup guid for same record payload
    Γ£ö entity-set primary id pattern outranks generic id suffix
    Γ£ö metadata rescoring upgrades selected primary id candidate
    Γ£ö common system lookups are heavily penalized
    Γ£ö sorts by precedence then confidence then primary bias
    Γ£ö metadata rescoring upgrades generic custom primary id candidates
  investigationCandidatePicker
    Γ£ö returns undefined for empty candidate list
    Γ£ö returns only candidate without prompting
    Γ£ö auto-selects strongest primary candidate when confidence gap is clear
    Γ£ö prefers primary id candidate over lookup candidate
  investigationCandidateExtractor
    Γ£ö extracts primary and lookup guid candidates from root json
    Γ£ö extracts collection row guid candidates with source index
    Γ£ö dedupes repeated guid candidates from json
    Γ£ö extracts selection candidates and marks lookup fields
    Γ£ö ignores non-string guid-like values
    Γ£ö extracts collection candidates with stable source indexes
    Γ£ö extracts selection candidates from key=value log text
    Γ£ö extracts selection candidates from single-quoted json-ish text
  queryGuardrails
    Γ£ö parseDvQueryForGuardrails detects duplicates and leading slash
    Γ£ö parseDvQueryForGuardrails detects single-record paths
    Γ£ö confirmGuardrailsIfNeeded returns false when errors are present
    Γ£ö confirmGuardrailsIfNeeded skips prompt when no warnings exist
    Γ£ö confirmGuardrailsIfNeeded returns true only for explicit Run Anyway
    Γ£ö confirmGuardrailsIfNeeded returns false when warning prompt is dismissed
    Γ£ö confirmGuardrailsIfNeeded offers preview actions for missing top
    Γ£ö confirmGuardrailsIfNeeded offers preview action for missing select
    Γ£ö confirmGuardrailsIfNeeded offers preview action for missing filter
  guardrailRunner
    Γ£ö returns no issues for focused query
    Γ£ö flags missing top on collection query
    Γ£ö flags unknown entity as error
    Γ£ö deduplicates repeated issues
  queryDetection
    Γ£ö detects simple select query
    Γ£ö detects filter query
    Γ£ö detects orderby query
    Γ£ö detects single entity path
    Γ£ö rejects comment line
    Γ£ö rejects empty line
    Γ£ö detects fetchxml root query
    Γ£ö detects fetchxml query kind
    Γ£ö detects odata query kind
    Γ£ö rejects partial xml fragment for now
    Γ£ö rejects random xml that is not fetchxml
    Γ£ö detects fetchxml with xml declaration
    Γ£ö fetchxml root still counts as dataverse query when multiline
    Γ£ö rejects random angle-bracket text that is not fetchxml
  queryCodeLensProvider - fetchxml
    Γ£ö fetchxml shows Run FetchXML and Explain
    Γ£ö odata still shows Run Query and Explain
  resultInsightEngine
    Γ£ö prioritises business-like categorical fields
  relationshipReasoningAdvice
    Γ£ö extracts related-entity notes from enriched validation issues
  queryDoctorEngine
    Γ£ö runs level 1 diagnostics for free capability
    Γ£ö prefers business-facing narrowing dimensions over sparse lookup backing fields
    Γ£ö promotes dominant business picklists even when their distribution is skewed
    Γ£ö surfaces structured narrowing guidance when evidence shows candidate fields
    Γ£ö does not warn about $select or $top when already present
    Γ£ö surfaces unknown query options and duplicate select fields
    Γ£ö promotes non-field validation issues into level 2 diagnostics
    Γ£ö does not run metadata-aware filterability diagnostics for free capability
    Γ£ö surfaces metadata-aware filterability diagnostics for pro capability
    Γ£ö surfaces advisory diagnostic for unknown filter fields in pro
    Γ£ö surfaces advisory diagnostic for non-attribute-like filter fields in pro
    Γ£ö surfaces advisory diagnostic for date/time literal mismatch in pro
    Γ£ö surfaces advisory diagnostic for boolean literal mismatch in pro
    Γ£ö surfaces advisory diagnostic for numeric literal mismatch in pro
    Γ£ö surfaces advisory diagnostic for special non-attribute-like fields even when metadata contains the field
    Γ£ö surfaces semantic operator diagnostic for text fields with range operators in pro
    Γ£ö surfaces semantic operator diagnostic for choice-like fields with range operators in pro
    Γ£ö does not surface semantic operator diagnostic for numeric range comparison in pro
    Γ£ö surfaces null/operator guidance for range comparison against null in pro
    Γ£ö surfaces quoted-null guidance for non-text fields in pro
    Γ£ö does not surface null/operator guidance for eq null checks in pro
    Γ£ö adds suggested fix for missing $select and $top
    Γ£ö surfaces speculative boolean suggested fix when field cannot be resolved
    Γ£ö surfaces speculative quoted-null suggested fix when field cannot be resolved
    Γ£ö surfaces review-path suggestion for related field style filters
    Γ£ö surfaces numeric and equality-style suggestions for choice-like filters
  fetchXmlExplain parser and scope resolver
    Γ£ö preserves nested link-entity structure and condition ownership
    Γ£ö keeps sibling filter groups separate within the same entity scope
    Γ£ö throws for mismatched closing tags in malformed FetchXML
    Γ£ö throws when FetchXML is missing a closing tag
    Γ£ö builds a narrative executive summary and result shape section
  explainQueryWorkflow
    Γ£ö builds markdown, opens preview, and shows success message
    Γ£ö throws when no query text is found
    Γ£ö throws when entity set cannot be detected
    Γ£ö routes FetchXML queries through FetchXML explain pipeline
  explainQuerySections
    Γ£ö buildSummary includes retrieval, filter, ordering and top hints
    Γ£ö buildSections includes select, filter, expand and other query options sections
    Γ£ö buildSections enriches simple choice-like filter narration when metadata is available
    Γ£ö buildIntentLines and design notes reflect focused query shape
    Γ£ö buildValidationLines renders warnings and suggestions
  explainQueryParser
    Γ£ö parses collection query with select orderby top and expand
    Γ£ö parses single-record query
    Γ£ö surfaces unknown params
  executionEvidence
    Γ£ö extracts summary evidence from an executed OData query
    Γ£ö stores and retrieves evidence by normalized query signature
  diagnosticRanking
    Γ£ö ranks semantic warnings ahead of generic shape guidance
  diagnosticOutputBuilder
    Γ£ö renders suggested fix details and speculative note when present
    Γ£ö groups guid and date literal mismatches under explicit root cause titles
    Γ£ö renders recommended next step with star, action, and preview query
    Γ£ö uses action label for non-apply advisory groups without preview query
  diagnosticActionability
    Γ£ö marks suggested fixes as preview only when apply fix is unavailable
    Γ£ö marks suggested fixes as preview and apply when apply fix is available
    Γ£ö treats findings without suggested fixes as non-actionable
  hoverNavigationResolver
    Γ£ö returns enriched navigation hover for expand token
    Γ£ö returns undefined when token is not inside expand
  hoverMarkdownBuilder
    Γ£ö buildClauseHover includes example for $expand
    Γ£ö buildOperatorHover includes contains example
    Γ£ö buildNavigationPropertyHover renders example and suggested fields
  hoverFilterAnalysis
    Γ£ö parseSimpleFilterComparisons extracts scalar comparisons
    Γ£ö getSelectedRawValueForField resolves field comparisons case-insensitively
    Γ£ö findMatchingScalarComparison matches normalized scalar tokens
    Γ£ö findChoiceMetadataForField matches field names case-insensitively
    Γ£ö buildChoiceValueHover renders field, type, and meaning
  hoverFieldResolver
    Γ£ö returns hover for field logical name with choice values
    Γ£ö returns hover when hovered token matches select token
  hoverFetchXmlResolver
    Γ£ö returns entity hover for fetchxml entity name
    Γ£ö returns field hover for fetchxml attribute name
    Γ£ö returns undefined when hovered token is not the entity name value
    Γ£ö returns undefined when hovered token is not the attribute name value
    Γ£ö returns undefined when fetchxml attribute field is not found in metadata
    Γ£ö returns undefined when root entity cannot be resolved from fetchxml
    Γ£ö returns operator hover for fetchxml condition operator
    Γ£ö returns undefined when hovered token is not the operator value
    Γ£ö returns hover for null operator with no-value contract
    Γ£ö returns field hover for root fetchxml condition attribute
    Γ£ö returns field hover for link-entity attribute name
    Γ£ö returns field hover for link-entity condition attribute
    Γ£ö returns entity hover for link-entity name
    Γ£ö returns field hover for nested link-entity attribute name
    Γ£ö returns relationship hover for link-entity from field
    Γ£ö returns relationship hover for link-entity to field
    Γ£ö returns alias hover for link-entity alias
    Γ£ö returns choice literal hover for inline fetchxml condition value
    Γ£ö returns choice literal hover for fetchxml value element
    Γ£ö returns undefined for non-choice fetchxml literal value
  hoverFetchXmlOperators
    Γ£ö official operators exposed to standard FetchXML UX are available
    Γ£ö official operators provide polished labels for standard UX
    Γ£ö official operators provide raw labels for advanced UX modes
    Γ£ö official operators provide grouped labels for grouped presentation mode
    Γ£ö official operators have descriptions and diagnostic summaries for user-facing help
    Γ£ö official operators can be grouped by classification
    Γ£ö official operators declare valid user-facing value contracts
    Γ£ö official visible operators provide user-facing diagnostics content
    Γ£ö enriched official operators define supportedContexts
  hoverFetchXmlOperatorResolver
    Γ£ö builds hover for known operator
    Γ£ö returns undefined for unknown operator
    Γ£ö resolves operator hover from condition line
    Γ£ö does not resolve when hovering non-operator token
  hoverChoiceResolver
    Γ£ö returns hover for scalar choice value in filter
    Γ£ö returns undefined when hovered token is not a scalar value
  traversalGraphViewModelBuilder
    Γ£ö builds nodes, edges, routes, and side panel from the visible window only
    Γ£ö preserves a visible selected route and carries layout positions
    Γ£ö marks loop-back routes and focused routes without leaking focus semantics into hidden routes
  traversalGraphSelection
    Γ£ö preserves a current visible selection
    Γ£ö falls back to the best focused visible route when current selection is invalid
    Γ£ö falls back to the best visible route when no focused route applies
    Γ£ö resolves edge click route selection route-first
  traversalGraphRouteWindow
    Γ£ö builds an initial top-5 window
    Γ£ö expands to the capped max visible window
    Γ£ö shifts next and previous with safe clamping
    Γ£ö builds control state and visible range deterministically
    Γ£ö slices only the visible routes
  traversalGraphCyMapper
    Γ£ö maps styling flags to stable node and edge classes
    Γ£ö maps graph view model into deterministic cytoscape elements
  openTraversalGraphViewAction
    Γ£ö builds fresh deterministic graph state for initial open
    Γ£ö orchestrates graph build, cytoscape mapping, and surface hydration without recomputing traversal
    Γ£ö returns early when no ranked routes exist
    Γ£ö builds a real graph surface shell with graph canvas, route chips, and use-route action
    Γ£ö updates selected route from route and edge graph events
    Γ£ö builds render messages from current graph state
  fieldSemantics
    Γ£ö unwraps lookup backing field names
    Γ£ö applies stronger business boost to status-like fields
  confidenceBanding
    Γ£ö maps score ranges consistently
  fetchXmlOperatorCatalog
    Γ£ö catalog exposes supported presentation modes
    Γ£ö official operators shown in UI are marked official
    Γ£ö string category returns like operator
    Γ£ö label resolver returns polished and raw labels correctly
    Γ£ö official operators require basic diagnostics and description
    Γ£ö all operator keys are unique
    Γ£ö all operators provide all presentation labels
    Γ£ö resolved operators expose valueContract for new v0.6.1 logic
    Γ£ö legacy multiple valueCount maps to multi valueContract
    Γ£ö legacy none valueCount maps to none valueContract
    Γ£ö like operator exposes enriched diagnostics metadata
    Γ£ö eq operator exposes supported condition context
    Γ£ö null operator uses no-value contract
    Γ£ö not-null operator uses no-value contract
    Γ£ö in operator uses multi value contract
  fetchXmlOfficialOperatorContract
    Γ£ö official operators are all visible in standard FetchXML UX
    Γ£ö official operators must not be seeded or candidate
    Γ£ö official operators declare value requirements clearly
    Γ£ö official operators expose stable v0.6.1 value contracts
    Γ£ö only official operators may be visible in standard FetchXML UX
  fetchXmlExecution
    Γ£ö extracts root entity name with double quotes
    Γ£ö extracts root entity name with single quotes
    Γ£ö returns undefined when root entity name is missing
    Γ£ö prepareFetchXmlQuery throws when root entity name is missing
    Γ£ö prepareFetchXmlQuery resolves entity set and builds request path
    Γ£ö request path always starts with slash
    Γ£ö prepareFetchXmlQuery throws when entity set cannot be resolved
  490 passing (919ms)
  9 failing
  1) resultViewerInvariants
       primary id actions remain isolated and business guid investigate does not replace row-level primary actions:

      AssertionError [ERR_ASSERTION]: Expected values to be strictly deep-equal:
+ actual - expected

  [
    'investigate-record',
    'open-in-dataverse-ui',
    'preview-add-select',
    'preview-odata-filter',
    'preview-root-odata-orderby',
    'update-record',
+   'copy-display-value',
+   'copy-raw-value',
    'copy-record-url',
+   'copy-row-json'
  ]

      + expected - actual

         "preview-add-select"
         "preview-odata-filter"
         "preview-root-odata-orderby"
         "update-record"
      -  "copy-display-value"
      -  "copy-raw-value"
         "copy-record-url"
      -  "copy-row-json"
       ]
      
  	at Context.<anonymous> (c:\Users\USER\source\repos\dv-quick-run\dv-quick-run\out\test\resultViewer\resultViewerInvariants.test.js:150:16)
  	at process.processImmediate (node:internal/timers:484:21)

  2) resultViewerInvariants
       model-driven action groups stay aligned with the full action list:

      AssertionError [ERR_ASSERTION]: Expected values to be strictly deep-equal:
+ actual - expected

  [
    'preview-add-select',
    'preview-odata-filter',
    'preview-root-odata-orderby',
    'update-record',
+   'copy-display-value',
+   'copy-raw-value',
    'copy-record-url',
+   'copy-row-json'
  ]

      + expected - actual

         "preview-add-select"
         "preview-odata-filter"
         "preview-root-odata-orderby"
         "update-record"
      -  "copy-display-value"
      -  "copy-raw-value"
         "copy-record-url"
      -  "copy-row-json"
       ]
      
  	at Context.<anonymous> (c:\Users\USER\source\repos\dv-quick-run\dv-quick-run\out\test\resultViewer\resultViewerInvariants.test.js:230:16)
  	at process.processImmediate (node:internal/timers:484:21)

  3) resultViewerActionEligibility
       primary id cell exposes record-level and helper actions:

      AssertionError [ERR_ASSERTION]: Expected values to be strictly deep-equal:
+ actual - expected

  [
    'investigate-record',
    'open-in-dataverse-ui',
    'preview-add-select',
    'preview-odata-filter',
    'preview-root-odata-orderby',
    'update-record',
+   'copy-display-value',
+   'copy-raw-value',
    'copy-record-url',
+   'copy-row-json'
  ]

      + expected - actual

         "preview-add-select"
         "preview-odata-filter"
         "preview-root-odata-orderby"
         "update-record"
      -  "copy-display-value"
      -  "copy-raw-value"
         "copy-record-url"
      -  "copy-row-json"
       ]
      
  	at Context.<anonymous> (c:\Users\USER\source\repos\dv-quick-run\dv-quick-run\out\test\resultViewer\resultViewerActionEligibility.test.js:50:16)
  	at process.processImmediate (node:internal/timers:484:21)

  4) resultViewerActionEligibility
       lookup backing guid field does not expose record-level actions:

      AssertionError [ERR_ASSERTION]: Expected values to be strictly deep-equal:
+ actual - expected

  [
    'preview-add-select',
    'preview-odata-filter',
    'preview-root-odata-orderby',
    'preview-odata-slice',
    'preview-odata-slice',
+   'copy-display-value',
+   'copy-raw-value',
+   'copy-row-json'
  ]

      + expected - actual

         "preview-odata-filter"
         "preview-root-odata-orderby"
         "preview-odata-slice"
         "preview-odata-slice"
      -  "copy-display-value"
      -  "copy-raw-value"
      -  "copy-row-json"
       ]
      
  	at Context.<anonymous> (c:\Users\USER\source\repos\dv-quick-run\dv-quick-run\out\test\resultViewer\resultViewerActionEligibility.test.js:70:16)
  	at process.processImmediate (node:internal/timers:484:21)

  5) resultViewerActionEligibility
       business guid field exposes investigate action:

      AssertionError [ERR_ASSERTION]: Expected values to be strictly deep-equal:
+ actual - expected

  [
    'investigate-record',
    'preview-add-select',
    'preview-odata-filter',
    'preview-root-odata-orderby',
+   'copy-display-value',
+   'copy-raw-value',
+   'copy-row-json'
  ]

      + expected - actual

         "investigate-record"
         "preview-add-select"
         "preview-odata-filter"
         "preview-root-odata-orderby"
      -  "copy-display-value"
      -  "copy-raw-value"
      -  "copy-row-json"
       ]
      
  	at Context.<anonymous> (c:\Users\USER\source\repos\dv-quick-run\dv-quick-run\out\test\resultViewer\resultViewerActionEligibility.test.js:90:16)
  	at process.processImmediate (node:internal/timers:484:21)

  6) resultViewerActionEligibility
       scalar string value exposes helper actions only:

      AssertionError [ERR_ASSERTION]: Expected values to be strictly deep-equal:
+ actual - expected

  [
    'preview-add-select',
    'preview-odata-filter',
    'preview-root-odata-orderby',
    'preview-odata-slice',
    'preview-odata-slice',
+   'copy-display-value',
+   'copy-raw-value',
+   'copy-row-json'
  ]

      + expected - actual

         "preview-odata-filter"
         "preview-root-odata-orderby"
         "preview-odata-slice"
         "preview-odata-slice"
      -  "copy-display-value"
      -  "copy-raw-value"
      -  "copy-row-json"
       ]
      
  	at Context.<anonymous> (c:\Users\USER\source\repos\dv-quick-run\dv-quick-run\out\test\resultViewer\resultViewerActionEligibility.test.js:107:16)
  	at process.processImmediate (node:internal/timers:484:21)

  7) resultViewerActionEligibility
       boolean root field exposes type-aware slice actions:

      AssertionError [ERR_ASSERTION]: Expected values to be strictly deep-equal:
+ actual - expected

  [
+   'Filter: false',
+   'Filter: field is not null',
+   'Filter: true'
-   'Slice: false',
-   'Slice: field is not null',
-   'Slice: true'
  ]

      + expected - actual

       [
      -  "Filter: false"
      -  "Filter: field is not null"
      -  "Filter: true"
      +  "Slice: false"
      +  "Slice: field is not null"
      +  "Slice: true"
       ]
      
  	at Context.<anonymous> (c:\Users\USER\source\repos\dv-quick-run\dv-quick-run\out\test\resultViewer\resultViewerActionEligibility.test.js:220:16)
  	at process.processImmediate (node:internal/timers:484:21)

  8) resultViewerActionEligibility
       date root field exposes before and after slice actions:

      AssertionError [ERR_ASSERTION]: Expected values to be strictly deep-equal:
+ actual - expected

  [
+   'Filter: after this value',
+   'Filter: before this value',
+   'Filter: field is not null',
+   'Filter: field is null'
-   'Slice: after this value',
-   'Slice: before this value',
-   'Slice: field is not null',
-   'Slice: field is null'
  ]

      + expected - actual

       [
      -  "Filter: after this value"
      -  "Filter: before this value"
      -  "Filter: field is not null"
      -  "Filter: field is null"
      +  "Slice: after this value"
      +  "Slice: before this value"
      +  "Slice: field is not null"
      +  "Slice: field is null"
       ]
      
  	at Context.<anonymous> (c:\Users\USER\source\repos\dv-quick-run\dv-quick-run\out\test\resultViewer\resultViewerActionEligibility.test.js:234:16)
  	at process.processImmediate (node:internal/timers:484:21)

  9) resultViewerActionEligibility
       aliased flattened columns still resolve helper actions from source column identity:

      AssertionError [ERR_ASSERTION]: Expected values to be strictly deep-equal:
+ actual - expected

  [
    'preview-add-select',
    'preview-root-odata-orderby',
+   'copy-display-value',
+   'copy-raw-value',
+   'copy-row-json'
  ]

      + expected - actual

       [
         "preview-add-select"
         "preview-root-odata-orderby"
      -  "copy-display-value"
      -  "copy-raw-value"
      -  "copy-row-json"
       ]
      
  	at Context.<anonymous> (c:\Users\USER\source\repos\dv-quick-run\dv-quick-run\out\test\resultViewer\resultViewerActionEligibility.test.js:257:16)
  	at process.processImmediate (node:internal/timers:484:21)

[main 2026-04-26T10:49:23.413Z] Extension host with pid 35988 exited with code: 0, signal: unknown.
Exit code:   1
