 >  vscode-test --label 0 --reporter c:\Users\USER\source\repos\dv-quick-run\dv-quick-run\node_modules\@vscode\test-cli\out\fullJsonStreamReporter.cjs --run c:\Users\USER\source\repos\dv-quick-run\dv-quick-run\out\test\valueAwareness.test.js --run c:\Users\USER\source\repos\dv-quick-run\dv-quick-run\out\test\queryDetection.test.js --run c:\Users\USER\source\repos\dv-quick-run\dv-quick-run\out\test\filterValueValidation.test.js --run c:\Users\USER\source\repos\dv-quick-run\dv-quick-run\out\test\filterExpressionRules.test.js --run c:\Users\USER\source\repos\dv-quick-run\dv-quick-run\out\test\traversal\traversalStagePlanner.test.js --run c:\Users\USER\source\repos\dv-quick-run\dv-quick-run\out\test\traversal\traversalStepExecutor.siblingExpand.test.js --run c:\Users\USER\source\repos\dv-quick-run\dv-quick-run\out\test\traversal\traversalSelection.test.js --run c:\Users\USER\source\repos\dv-quick-run\dv-quick-run\out\test\traversal\traversalRoutePickerService.test.js --run c:\Users\USER\source\repos\dv-quick-run\dv-quick-run\out\test\traversal\traversalStepExecutor.logging.test.js --run c:\Users\USER\source\repos\dv-quick-run\dv-quick-run\out\test\traversal\traversalPathEngine.test.js --run c:\Users\USER\source\repos\dv-quick-run\dv-quick-run\out\test\traversal\traversalProgressStore.test.js --run c:\Users\USER\source\repos\dv-quick-run\dv-quick-run\out\test\traversal\traversalInsightActions.test.js --run c:\Users\USER\source\repos\dv-quick-run\dv-quick-run\out\test\traversal\traversalRouteExplorer.test.js --run c:\Users\USER\source\repos\dv-quick-run\dv-quick-run\out\test\traversal\traversalCacheService.test.js --run c:\Users\USER\source\repos\dv-quick-run\dv-quick-run\out\test\traversal\traversalHistoryStore.test.js --run c:\Users\USER\source\repos\dv-quick-run\dv-quick-run\out\test\traversal\traversalPlanGenerator.test.js --run c:\Users\USER\source\repos\dv-quick-run\dv-quick-run\out\test\traversal\traversalExplainability.test.js --run c:\Users\USER\source\repos\dv-quick-run\dv-quick-run\out\test\traversal\expandPolicy.test.js --run c:\Users\USER\source\repos\dv-quick-run\dv-quick-run\out\test\traversal\expandPlanBuilder.test.js --run c:\Users\USER\source\repos\dv-quick-run\dv-quick-run\out\test\traversal\findPathToTableAction.test.js --run c:\Users\USER\source\repos\dv-quick-run\dv-quick-run\out\test\traversal\expandClauseBuilder.test.js --run c:\Users\USER\source\repos\dv-quick-run\dv-quick-run\out\test\traversal\applySiblingExpandAction.test.js --run c:\Users\USER\source\repos\dv-quick-run\dv-quick-run\out\test\traversal\expandComposer.test.js --run c:\Users\USER\source\repos\dv-quick-run\dv-quick-run\out\test\traversal\continueTraversalAction.test.js --run c:\Users\USER\source\repos\dv-quick-run\dv-quick-run\out\test\traversal\expandCandidateResolver.test.js --run c:\Users\USER\source\repos\dv-quick-run\dv-quick-run\out\test\smartGet\smartGetWorkflows.test.js --run c:\Users\USER\source\repos\dv-quick-run\dv-quick-run\out\test\smartGet\smartGetReview.test.js --run c:\Users\USER\source\repos\dv-quick-run\dv-quick-run\out\test\smartGet\smartGetGuidActions.test.js --run c:\Users\USER\source\repos\dv-quick-run\dv-quick-run\out\test\smartPatch\smartPatchExecution.test.js --run c:\Users\USER\source\repos\dv-quick-run\dv-quick-run\out\test\smartPatch\smartPatchWorkflows.test.js --run c:\Users\USER\source\repos\dv-quick-run\dv-quick-run\out\test\smartPatch\smartPatchReview.test.js --run c:\Users\USER\source\repos\dv-quick-run\dv-quick-run\out\test\shared\actionRunner.test.js --run c:\Users\USER\source\repos\dv-quick-run\dv-quick-run\out\test\runtime\environmentCacheIsolation.test.js --run c:\Users\USER\source\repos\dv-quick-run\dv-quick-run\out\test\runtime\configMigration.test.js --run c:\Users\USER\source\repos\dv-quick-run\dv-quick-run\out\test\runtime\environmentContext.test.js --run c:\Users\USER\source\repos\dv-quick-run\dv-quick-run\out\test\runtime\capabilityResolver.test.js --run c:\Users\USER\source\repos\dv-quick-run\dv-quick-run\out\test\runtime\batchQueryExtraction.test.js --run c:\Users\USER\source\repos\dv-quick-run\dv-quick-run\out\test\runtime\binderSuggestion.test.js --run c:\Users\USER\source\repos\dv-quick-run\dv-quick-run\out\test\runtime\environmentRuntimeState.test.js --run c:\Users\USER\source\repos\dv-quick-run\dv-quick-run\out\test\resultViewer\resultViewerInsightGuardrails.test.js --run c:\Users\USER\source\repos\dv-quick-run\dv-quick-run\out\test\resultViewer\resultViewerLargePayloadExport.test.js --run c:\Users\USER\source\repos\dv-quick-run\dv-quick-run\out\test\resultViewer\resultViewModelBuilder.test.js --run c:\Users\USER\source\repos\dv-quick-run\dv-quick-run\out\test\resultViewer\resultViewerDrawerRouting.test.js --run c:\Users\USER\source\repos\dv-quick-run\dv-quick-run\out\test\resultViewer\resultViewerInvariants.test.js --run c:\Users\USER\source\repos\dv-quick-run\dv-quick-run\out\test\resultViewer\previewResultViewerSlice.test.js --run c:\Users\USER\source\repos\dv-quick-run\dv-quick-run\out\test\resultViewer\previewODataFilter.test.js --run c:\Users\USER\source\repos\dv-quick-run\dv-quick-run\out\test\resultViewer\previewFetchXmlCondition.test.js --run c:\Users\USER\source\repos\dv-quick-run\dv-quick-run\out\test\resultViewer\previewAddSelectFromColumn.test.js --run c:\Users\USER\source\repos\dv-quick-run\dv-quick-run\out\test\resultViewer\resultViewerActionEligibility.test.js --run c:\Users\USER\source\repos\dv-quick-run\dv-quick-run\out\test\refinement\filterBuilderPreview.test.js --run c:\Users\USER\source\repos\dv-quick-run\dv-quick-run\out\test\refinement\filterValueReplacement.test.js --run c:\Users\USER\source\repos\dv-quick-run\dv-quick-run\out\test\refinement\addSelectPreview.test.js --run c:\Users\USER\source\repos\dv-quick-run\dv-quick-run\out\test\refinement\queryPreview.test.js --run c:\Users\USER\source\repos\dv-quick-run\dv-quick-run\out\test\queryMutation\queryOptionMutator.test.js --run c:\Users\USER\source\repos\dv-quick-run\dv-quick-run\out\test\queryMutation\queryMutationPipeline.test.js --run c:\Users\USER\source\repos\dv-quick-run\dv-quick-run\out\test\queryMutation\editorQueryTarget.fetchXml.test.js --run c:\Users\USER\source\repos\dv-quick-run\dv-quick-run\out\test\queryMutation\filterValueValidation.test.js --run c:\Users\USER\source\repos\dv-quick-run\dv-quick-run\out\test\queryMutation\editorQueryTarget.sourceTarget.test.js --run c:\Users\USER\source\repos\dv-quick-run\dv-quick-run\out\test\queryMutation\filterExpressionRules.test.js --run c:\Users\USER\source\repos\dv-quick-run\dv-quick-run\out\test\metadata\valueAwareness.test.js --run c:\Users\USER\source\repos\dv-quick-run\dv-quick-run\out\test\metadata\metadataSessionCache.test.js --run c:\Users\USER\source\repos\dv-quick-run\dv-quick-run\out\test\metadata\metadataAccessExports.test.js --run c:\Users\USER\source\repos\dv-quick-run\dv-quick-run\out\test\metadata\metadataFieldAccess.test.js --run c:\Users\USER\source\repos\dv-quick-run\dv-quick-run\out\test\metadata\metadataAccessCommon.test.js --run c:\Users\USER\source\repos\dv-quick-run\dv-quick-run\out\test\metadataReasoning\metadataPathResolver.test.js --run c:\Users\USER\source\repos\dv-quick-run\dv-quick-run\out\test\operationalProfile\operationalProfileEngine.test.js --run c:\Users\USER\source\repos\dv-quick-run\dv-quick-run\out\test\operationalProfile\operationalProfileMarkdownRenderer.test.js --run c:\Users\USER\source\repos\dv-quick-run\dv-quick-run\out\test\investigation\investigationContextStore.test.js --run c:\Users\USER\source\repos\dv-quick-run\dv-quick-run\out\test\investigation\investigationContextBuilder.test.js --run c:\Users\USER\source\repos\dv-quick-run\dv-quick-run\out\test\investigateRecord\recordQueryAndUiLink.test.js --run c:\Users\USER\source\repos\dv-quick-run\dv-quick-run\out\test\investigateRecord\investigationCandidatePicker.test.js --run c:\Users\USER\source\repos\dv-quick-run\dv-quick-run\out\test\investigateRecord\investigationDocumentBuilder.test.js --run c:\Users\USER\source\repos\dv-quick-run\dv-quick-run\out\test\investigateRecord\investigationInputResolver.test.js --run c:\Users\USER\source\repos\dv-quick-run\dv-quick-run\out\test\investigateRecord\resolvedInvestigationContextBuilder.test.js --run c:\Users\USER\source\repos\dv-quick-run\dv-quick-run\out\test\investigateRecord\investigationCandidateExtractor.test.js --run c:\Users\USER\source\repos\dv-quick-run\dv-quick-run\out\test\investigateRecord\investigationSignalsAndSuggestedQueries.test.js --run c:\Users\USER\source\repos\dv-quick-run\dv-quick-run\out\test\investigateRecord\investigationCandidateScorer.test.js --run c:\Users\USER\source\repos\dv-quick-run\dv-quick-run\out\test\hover\hoverNavigationResolver.test.js --run c:\Users\USER\source\repos\dv-quick-run\dv-quick-run\out\test\hover\hoverMarkdownBuilder.test.js --run c:\Users\USER\source\repos\dv-quick-run\dv-quick-run\out\test\hover\hoverFieldResolver.test.js --run c:\Users\USER\source\repos\dv-quick-run\dv-quick-run\out\test\hover\hoverFetchXmlOperatorResolver.test.js --run c:\Users\USER\source\repos\dv-quick-run\dv-quick-run\out\test\hover\hoverFetchXmlOperators.test.js --run c:\Users\USER\source\repos\dv-quick-run\dv-quick-run\out\test\hover\hoverFilterAnalysis.test.js --run c:\Users\USER\source\repos\dv-quick-run\dv-quick-run\out\test\hover\hoverChoiceResolver.test.js --run c:\Users\USER\source\repos\dv-quick-run\dv-quick-run\out\test\hover\hoverFetchXmlResolver.test.js --run c:\Users\USER\source\repos\dv-quick-run\dv-quick-run\out\test\hub\dvQuickRunHubViewModel.test.js --run c:\Users\USER\source\repos\dv-quick-run\dv-quick-run\out\test\hub\dvQuickRunHubContext.test.js --run c:\Users\USER\source\repos\dv-quick-run\dv-quick-run\out\test\guardrails\queryGuardrails.test.js --run c:\Users\USER\source\repos\dv-quick-run\dv-quick-run\out\test\guardrails\guardrailRunner.test.js --run c:\Users\USER\source\repos\dv-quick-run\dv-quick-run\out\test\explain\relationshipReasoningAdvice.test.js --run c:\Users\USER\source\repos\dv-quick-run\dv-quick-run\out\test\explain\resultInsightEngine.test.js --run c:\Users\USER\source\repos\dv-quick-run\dv-quick-run\out\test\explain\explainQueryParser.test.js --run c:\Users\USER\source\repos\dv-quick-run\dv-quick-run\out\test\explain\fetchXmlExplainPipeline.test.js --run c:\Users\USER\source\repos\dv-quick-run\dv-quick-run\out\test\explain\explainQuerySections.test.js --run c:\Users\USER\source\repos\dv-quick-run\dv-quick-run\out\test\explain\executionEvidence.test.js --run c:\Users\USER\source\repos\dv-quick-run\dv-quick-run\out\test\explain\queryDoctorEngine.test.js --run c:\Users\USER\source\repos\dv-quick-run\dv-quick-run\out\test\explain\diagnosticRanking.test.js --run c:\Users\USER\source\repos\dv-quick-run\dv-quick-run\out\test\explain\explainQueryWorkflow.test.js --run c:\Users\USER\source\repos\dv-quick-run\dv-quick-run\out\test\explain\diagnosticOutputBuilder.test.js --run c:\Users\USER\source\repos\dv-quick-run\dv-quick-run\out\test\executionInsights\pluginTraceExecutionInsights.test.js --run c:\Users\USER\source\repos\dv-quick-run\dv-quick-run\out\test\executionInsights\flowSessionExecutionInsights.test.js --run c:\Users\USER\source\repos\dv-quick-run\dv-quick-run\out\test\executionInsights\asyncOperationExecutionInsights.test.js --run c:\Users\USER\source\repos\dv-quick-run\dv-quick-run\out\test\customApi\customApiMetadataEnrichment.test.js --run c:\Users\USER\source\repos\dv-quick-run\dv-quick-run\out\test\editorIntelligence\queryDetection.test.js --run c:\Users\USER\source\repos\dv-quick-run\dv-quick-run\out\test\editorIntelligence\queryCodeLensProvider.fetchXml.test.js --run c:\Users\USER\source\repos\dv-quick-run\dv-quick-run\out\test\traversal\graph\traversalGraphSelection.test.js --run c:\Users\USER\source\repos\dv-quick-run\dv-quick-run\out\test\traversal\graph\traversalGraphCyMapper.test.js --run c:\Users\USER\source\repos\dv-quick-run\dv-quick-run\out\test\traversal\graph\traversalGraphViewModelBuilder.test.js --run c:\Users\USER\source\repos\dv-quick-run\dv-quick-run\out\test\traversal\graph\openTraversalGraphViewAction.test.js --run c:\Users\USER\source\repos\dv-quick-run\dv-quick-run\out\test\traversal\graph\traversalGraphRouteWindow.test.js --run c:\Users\USER\source\repos\dv-quick-run\dv-quick-run\out\test\shared\fetchXml\fetchXmlOperatorCatalog.test.js --run c:\Users\USER\source\repos\dv-quick-run\dv-quick-run\out\test\shared\fetchXml\fetchXmlExecution.test.js --run c:\Users\USER\source\repos\dv-quick-run\dv-quick-run\out\test\shared\fetchXml\fetchXmlOfficialOperatorContract.test.js --run c:\Users\USER\source\repos\dv-quick-run\dv-quick-run\out\test\shared\intelligence\fieldSemantics.test.js --run c:\Users\USER\source\repos\dv-quick-run\dv-quick-run\out\test\shared\intelligence\confidenceBanding.test.js
- Resolving version...
√ Validated version: 1.120.0
√ Found existing install in c:\Users\USER\source\repos\dv-quick-run\dv-quick-run\.vscode-test\vscode-win32-x64-archive-1.120.0

[main 2026-05-13T12:01:04.108Z] StorageMainService: creating application shared storage
[main 2026-05-13T12:01:04.363Z] [shared storage] Creating shared storage database at ':memory:' (wasCreated: true)
[main 2026-05-13T12:01:04.363Z] [shared storage] Initializing fallback application storage (path: in-memory)
[main 2026-05-13T12:01:04.383Z] Error: Error mutex already exists
    at Is.installMutex (file:///c:/Users/USER/source/repos/dv-quick-run/dv-quick-run/.vscode-test/vscode-win32-x64-archive-1.120.0/0958016b2a/resources/app/out/main.js:519:24998)
[main 2026-05-13T12:01:04.419Z] [shared storage] Fallback application storage initialized with 3 items
[main 2026-05-13T12:01:04.419Z] update#setState disabled
[main 2026-05-13T12:01:04.420Z] update#ctor - updates are disabled by the environment
Started local extension host with pid 53516.
Loading development extension at c:\Users\USER\source\repos\dv-quick-run\dv-quick-run
[AccountPolicyGate] apply: state=inactive, reason=undefined, isRestricted=false
Settings Sync: Account status changed from uninitialized to unavailable
Extension host (LocalProcess pid: 53516) is unresponsive.
UNRESPONSIVE extension host: starting to profile NOW
[AccountPolicyGate] apply: state=inactive, reason=undefined, isRestricted=false
ReferenceError: describe is not defined
        at Object.<anonymous> (c:\Users\USER\source\repos\dv-quick-run\dv-quick-run\out\test\customApi\customApiMetadataEnrichment.test.js:38:1)
        at Module._compile (node:internal/modules/cjs/loader:1713:14)
        at Module._extensions..js (node:internal/modules/cjs/loader:1847:10)
        at Module.load (node:internal/modules/cjs/loader:1448:32)
        at Module._load (node:internal/modules/cjs/loader:1270:12)
        at c._load (node:electron/js2c/node_init:2:18041)
        at i._load (file:///c:/Users/USER/source/repos/dv-quick-run/dv-quick-run/.vscode-test/vscode-win32-x64-archive-1.120.0/0958016b2a/resources/app/out/vs/workbench/api/node/extensionHostProcess.js:805:6589)
        at n._load (file:///c:/Users/USER/source/repos/dv-quick-run/dv-quick-run/.vscode-test/vscode-win32-x64-archive-1.120.0/0958016b2a/resources/app/out/vs/workbench/api/node/extensionHostProcess.js:651:28855)
        at n._load (file:///c:/Users/USER/source/repos/dv-quick-run/dv-quick-run/.vscode-test/vscode-win32-x64-archive-1.120.0/0958016b2a/resources/app/out/vs/workbench/api/node/extensionHostProcess.js:643:25961)
        at TracingChannel.traceSync (node:diagnostics_channel:328:14)
        at wrapModuleLoad (node:internal/modules/cjs/loader:244:24)
        at Module.require (node:internal/modules/cjs/loader:1470:12)
        at require (node:internal/modules/helpers:147:16)
        at c:\Users\USER\source\repos\dv-quick-run\dv-quick-run\node_modules\mocha\lib\mocha.js:396:36
        at Array.forEach (<anonymous>)
        at Mocha.loadFiles (c:\Users\USER\source\repos\dv-quick-run\dv-quick-run\node_modules\mocha\lib\mocha.js:393:14)
        at Mocha.run (c:\Users\USER\source\repos\dv-quick-run\dv-quick-run\node_modules\mocha\lib\mocha.js:960:10)
        at mochaGlobalTeardown.mochaGlobalTeardown (c:\Users\USER\source\repos\dv-quick-run\dv-quick-run\node_modules\@vscode\test-cli\out\runner.cjs:33:50)
        at new Promise (<anonymous>)
        at Object.run (c:\Users\USER\source\repos\dv-quick-run\dv-quick-run\node_modules\@vscode\test-cli\out\runner.cjs:33:11)
        at file:///c:/Users/USER/source/repos/dv-quick-run/dv-quick-run/.vscode-test/vscode-win32-x64-archive-1.120.0/0958016b2a/resources/app/out/vs/workbench/api/node/extensionHostProcess.js:506:22072
        at new Promise (<anonymous>)
        at mP._doHandleExtensionTests (file:///c:/Users/USER/source/repos/dv-quick-run/dv-quick-run/.vscode-test/vscode-win32-x64-archive-1.120.0/0958016b2a/resources/app/out/vs/workbench/api/node/extensionHostProcess.js:506:21765)
        at async mP.$extensionTestsExecute (file:///c:/Users/USER/source/repos/dv-quick-run/dv-quick-run/.vscode-test/vscode-win32-x64-archive-1.120.0/0958016b2a/resources/app/out/vs/workbench/api/node/extensionHostProcess.js:506:21274)
[main 2026-05-13T12:01:14.898Z] Extension host with pid 53516 exited with code: 0, signal: unknown.
Exit code:   1
Error: Test process exited with code 1